../src/cr_startup_lpc8xx.c:284:6:NMI_Handler	0	static
../src/cr_startup_lpc8xx.c:291:6:HardFault_Handler	0	static
../src/cr_startup_lpc8xx.c:305:6:PendSV_Handler	0	static
../src/cr_startup_lpc8xx.c:312:6:SysTick_Handler	0	static
../src/cr_startup_lpc8xx.c:326:6:IntDefaultHandler	0	static
../src/cr_startup_lpc8xx.c:192:6:data_init	12	static
../src/cr_startup_lpc8xx.c:201:6:bss_init	8	static
../src/cr_startup_lpc8xx.c:228:1:ResetISR	8	static
../src/cr_startup_lpc8xx.c:298:6:SVCall_Handler	0	static
