../src/lpc8xx_gpio.c:55:6:PININT_Handler	12	static
../src/lpc8xx_gpio.c:129:6:PININT0_IRQHandler	8	static
../src/lpc8xx_gpio.c:145:6:PININT1_IRQHandler	8	static
../src/lpc8xx_gpio.c:161:6:PININT2_IRQHandler	8	static
../src/lpc8xx_gpio.c:177:6:PIN3_IRQHandler	8	static
../src/lpc8xx_gpio.c:193:6:PININT4_IRQHandler	8	static
../src/lpc8xx_gpio.c:209:6:PININT5_IRQHandler	8	static
../src/lpc8xx_gpio.c:225:6:PININT6_IRQHandler	8	static
../src/lpc8xx_gpio.c:241:6:PININT7_IRQHandler	8	static
../src/lpc8xx_gpio.c:256:6:GPIOInit	0	static
../src/lpc8xx_gpio.c:279:6:GPIOSetPinInterrupt	12	static
../src/lpc8xx_gpio.c:425:6:GPIOPinIntEnable	8	static
../src/lpc8xx_gpio.c:455:6:GPIOPinIntDisable	8	static
../src/lpc8xx_gpio.c:485:10:GPIOPinIntStatus	0	static
../src/lpc8xx_gpio.c:507:6:GPIOPinIntClear	0	static
../src/lpc8xx_gpio.c:525:10:GPIOGetPinValue	0	static
../src/lpc8xx_gpio.c:553:6:GPIOSetBitValue	0	static
../src/lpc8xx_gpio.c:576:6:GPIOSetDir	0	static
../src/lpc8xx_gpio.c:599:6:GPIOPatternMatchInit	0	static
../src/lpc8xx_gpio.c:622:6:GPIOSetPatternMatchInput	0	static
../src/lpc8xx_gpio.c:728:6:GPIOSetPatternMatchSlice	20	static
../src/lpc8xx_gpio.c:756:6:GPIOPatternMatchEnable	8	static
